exports[`test <UserList /> renders correctly 1`] = `"<div class=\"menu\"><span style=\"height: 0px; opacity: 0;\"><span class=\"icon\"><i class=\"user\">J</i></span><b class=\"master\">Jack London</b><div class=\"erd_scroll_detection_container erd_scroll_detection_container_animation_active\" style=\"visibility: hidden; display: inline; width: 0px; height: 0px; z-index: -1; overflow: hidden; margin: 0px; padding: 0px;\"></div></span><span style=\"height: 0px; opacity: 0;\"><span class=\"icon\"><i class=\"user\">M</i></span><b class=\"master\">Master</b><div class=\"erd_scroll_detection_container erd_scroll_detection_container_animation_active\" style=\"visibility: hidden; display: inline; width: 0px; height: 0px; z-index: -1; overflow: hidden; margin: 0px; padding: 0px;\"></div></span><span style=\"height: 0px; opacity: 0;\"><span class=\"icon\"><i class=\"user\">A</i></span><b class=\"master\">And another master</b><div class=\"erd_scroll_detection_container erd_scroll_detection_container_animation_active\" style=\"visibility: hidden; display: inline; width: 0px; height: 0px; z-index: -1; overflow: hidden; margin: 0px; padding: 0px;\"></div></span><span style=\"height: 0px; opacity: 0;\"><span class=\"icon\"><i class=\"user\">M</i></span><!-- react-text: 17 -->Misato<!-- /react-text --><div class=\"erd_scroll_detection_container erd_scroll_detection_container_animation_active\" style=\"visibility: hidden; display: inline; width: 0px; height: 0px; z-index: -1; overflow: hidden; margin: 0px; padding: 0px;\"></div></span><span style=\"height: 0px; opacity: 0;\"><span class=\"icon\"><i class=\"user\">S</i></span><!-- react-text: 21 -->Simon<!-- /react-text --><div class=\"erd_scroll_detection_container erd_scroll_detection_container_animation_active\" style=\"visibility: hidden; display: inline; width: 0px; height: 0px; z-index: -1; overflow: hidden; margin: 0px; padding: 0px;\"></div></span><span style=\"height: 0px; opacity: 0;\"><span class=\"icon\"><i class=\"user\">N</i></span><!-- react-text: 25 -->Not master<!-- /react-text --><div class=\"erd_scroll_detection_container erd_scroll_detection_container_animation_active\" style=\"visibility: hidden; display: inline; width: 0px; height: 0px; z-index: -1; overflow: hidden; margin: 0px; padding: 0px;\"></div></span><span style=\"height: 0px; opacity: 0;\"><span class=\"icon\"><i class=\"user\">H</i></span><!-- react-text: 29 -->Harry West<!-- /react-text --><div class=\"erd_scroll_detection_container erd_scroll_detection_container_animation_active\" style=\"visibility: hidden; display: inline; width: 0px; height: 0px; z-index: -1; overflow: hidden; margin: 0px; padding: 0px;\"></div></span></div>"`;
